// Jest Snapshot v1, https://goo.gl/fbAQLP

exports[`Scroll snapshot renders the root 1`] = `
<View
  animateTransitions={true}
  index={0}
  onLayout={[Function]}
  style={
    Array [
      Object {
        "flex": 1,
        "overflow": "hidden",
      },
      undefined,
    ]
  }
/>
`;
