// Jest Snapshot v1, https://goo.gl/fbAQLP

exports[`Tabs snapshot renders the root 1`] = `
<View
  style={
    Object {
      "flex": 1,
    }
  }
>
  <View
    animateTransitions={true}
    onChangeIndex={[Function]}
    onLayout={[Function]}
    onSwitching={[Function]}
    resistance={false}
    springConfig={
      Object {
        "friction": 30,
        "tension": 300,
      }
    }
    style={
      Array [
        Object {
          "flex": 1,
          "overflow": "hidden",
        },
        undefined,
      ]
    }
    threshold={5}
  >
    <View
      onMoveShouldSetResponder={[Function]}
      onMoveShouldSetResponderCapture={[Function]}
      onResponderEnd={[Function]}
      onResponderGrant={[Function]}
      onResponderMove={[Function]}
      onResponderReject={[Function]}
      onResponderRelease={[Function]}
      onResponderStart={[Function]}
      onResponderTerminate={[Function]}
      onResponderTerminationRequest={[Function]}
      onStartShouldSetResponder={[Function]}
      onStartShouldSetResponderCapture={[Function]}
      style={
        Object {
          "flex": 1,
          "flexDirection": "row",
          "transform": Array [
            Object {
              "translateX": 0,
            },
          ],
          "width": 2250,
        }
      }
    >
      <View
        style={
          Array [
            Object {
              "flex": 1,
            },
            undefined,
          ]
        }
      >
        <View
          style={
            Array [
              Object {
                "flex": 1,
                "justifyContent": "center",
                "padding": 15,
              },
              Object {
                "backgroundColor": "#fbc02d",
              },
            ]
          }
        >
          <Text
            style={
              Array [
                Object {
                  "color": "#000000",
                  "fontFamily": "Helvetica Neue",
                  "textAlign": "left",
                  "writingDirection": "ltr",
                },
                Array [
                  Object {
                    "color": "rgba(0, 0, 0, 0.87)",
                    "fontFamily": "Helvetica Neue",
                    "textAlign": "left",
                    "writingDirection": "ltr",
                  },
                  Array [
                    Object {
                      "fontSize": 24,
                      "lineHeight": 32,
                      "marginVertical": 2,
                    },
                    Object {
                      "color": "#ffffff",
                      "textAlign": "center",
                    },
                  ],
                  Array [
                    Object {
                      "fontSize": 24,
                      "lineHeight": 32,
                      "marginVertical": 2,
                    },
                    Object {
                      "color": "#ffffff",
                      "textAlign": "center",
                    },
                  ],
                ],
              ]
            }
            theme={
              Object {
                "colors": Object {
                  "accent": "#03dac4",
                  "backdrop": "rgba(0, 0, 0, 0.5)",
                  "background": "#f6f6f6",
                  "disabled": "rgba(0, 0, 0, 0.26)",
                  "error": "#B00020",
                  "placeholder": "rgba(0, 0, 0, 0.54)",
                  "primary": "#6200ee",
                  "surface": "#ffffff",
                  "text": "#000000",
                },
                "dark": false,
                "fonts": Object {
                  "light": "HelveticaNeue-Light",
                  "medium": "HelveticaNeue-Medium",
                  "regular": "Helvetica Neue",
                  "thin": "HelveticaNeue-Thin",
                },
                "roundness": 4,
              }
            }
          >
            slide n°1
          </Text>
        </View>
      </View>
      <View
        style={
          Array [
            Object {
              "flex": 1,
            },
            undefined,
          ]
        }
      >
        <View
          style={
            Array [
              Object {
                "flex": 1,
                "justifyContent": "center",
                "padding": 15,
              },
              Object {
                "backgroundColor": "#388e3c",
              },
            ]
          }
        >
          <Text
            style={
              Array [
                Object {
                  "color": "#000000",
                  "fontFamily": "Helvetica Neue",
                  "textAlign": "left",
                  "writingDirection": "ltr",
                },
                Array [
                  Object {
                    "color": "rgba(0, 0, 0, 0.87)",
                    "fontFamily": "Helvetica Neue",
                    "textAlign": "left",
                    "writingDirection": "ltr",
                  },
                  Array [
                    Object {
                      "fontSize": 24,
                      "lineHeight": 32,
                      "marginVertical": 2,
                    },
                    Object {
                      "color": "#ffffff",
                      "textAlign": "center",
                    },
                  ],
                  Array [
                    Object {
                      "fontSize": 24,
                      "lineHeight": 32,
                      "marginVertical": 2,
                    },
                    Object {
                      "color": "#ffffff",
                      "textAlign": "center",
                    },
                  ],
                ],
              ]
            }
            theme={
              Object {
                "colors": Object {
                  "accent": "#03dac4",
                  "backdrop": "rgba(0, 0, 0, 0.5)",
                  "background": "#f6f6f6",
                  "disabled": "rgba(0, 0, 0, 0.26)",
                  "error": "#B00020",
                  "placeholder": "rgba(0, 0, 0, 0.54)",
                  "primary": "#6200ee",
                  "surface": "#ffffff",
                  "text": "#000000",
                },
                "dark": false,
                "fonts": Object {
                  "light": "HelveticaNeue-Light",
                  "medium": "HelveticaNeue-Medium",
                  "regular": "Helvetica Neue",
                  "thin": "HelveticaNeue-Thin",
                },
                "roundness": 4,
              }
            }
          >
            slide n°2
          </Text>
        </View>
      </View>
      <View
        style={
          Array [
            Object {
              "flex": 1,
            },
            undefined,
          ]
        }
      >
        <View
          style={
            Array [
              Object {
                "flex": 1,
                "justifyContent": "center",
                "padding": 15,
              },
              Object {
                "backgroundColor": "#1976d2",
              },
            ]
          }
        >
          <Text
            style={
              Array [
                Object {
                  "color": "#000000",
                  "fontFamily": "Helvetica Neue",
                  "textAlign": "left",
                  "writingDirection": "ltr",
                },
                Array [
                  Object {
                    "color": "rgba(0, 0, 0, 0.87)",
                    "fontFamily": "Helvetica Neue",
                    "textAlign": "left",
                    "writingDirection": "ltr",
                  },
                  Array [
                    Object {
                      "fontSize": 24,
                      "lineHeight": 32,
                      "marginVertical": 2,
                    },
                    Object {
                      "color": "#ffffff",
                      "textAlign": "center",
                    },
                  ],
                  Array [
                    Object {
                      "fontSize": 24,
                      "lineHeight": 32,
                      "marginVertical": 2,
                    },
                    Object {
                      "color": "#ffffff",
                      "textAlign": "center",
                    },
                  ],
                ],
              ]
            }
            theme={
              Object {
                "colors": Object {
                  "accent": "#03dac4",
                  "backdrop": "rgba(0, 0, 0, 0.5)",
                  "background": "#f6f6f6",
                  "disabled": "rgba(0, 0, 0, 0.26)",
                  "error": "#B00020",
                  "placeholder": "rgba(0, 0, 0, 0.54)",
                  "primary": "#6200ee",
                  "surface": "#ffffff",
                  "text": "#000000",
                },
                "dark": false,
                "fonts": Object {
                  "light": "HelveticaNeue-Light",
                  "medium": "HelveticaNeue-Medium",
                  "regular": "Helvetica Neue",
                  "thin": "HelveticaNeue-Thin",
                },
                "roundness": 4,
              }
            }
          >
            slide n°3
          </Text>
        </View>
      </View>
    </View>
  </View>
  <View
    style={
      Array [
        Object {
          "backgroundColor": "#6200ee",
        },
        Object {
          "alignItems": "center",
          "elevation": 4,
          "flexDirection": "row",
          "height": 56,
          "paddingHorizontal": 4,
        },
        Object {
          "bottom": 0,
          "justifyContent": "space-between",
          "left": 0,
          "position": "absolute",
          "right": 0,
        },
      ]
    }
  >
    <View
      style={
        Object {
          "backgroundColor": "transparent",
          "borderColor": "transparent",
          "borderRadius": 4,
          "borderStyle": "solid",
          "borderWidth": 0,
          "elevation": 0,
          "minWidth": "auto",
          "shadowColor": "#000000",
          "shadowOffset": Object {
            "height": NaN,
            "width": 0,
          },
          "shadowOpacity": 0.24,
          "shadowRadius": 0,
        }
      }
    >
      <View
        accessibilityRole="button"
        accessible={true}
        isTVSelectable={true}
        onResponderGrant={[Function]}
        onResponderMove={[Function]}
        onResponderRelease={[Function]}
        onResponderTerminate={[Function]}
        onResponderTerminationRequest={[Function]}
        onStartShouldSetResponder={[Function]}
        style={
          Object {
            "borderRadius": 4,
          }
        }
      >
        <View
          style={
            Object {
              "alignItems": "center",
              "flexDirection": "row",
              "justifyContent": "center",
            }
          }
        >
          <Text
            numberOfLines={1}
            style={
              Array [
                Object {
                  "color": "#000000",
                  "fontFamily": "Helvetica Neue",
                  "textAlign": "left",
                  "writingDirection": "ltr",
                },
                Array [
                  Object {
                    "letterSpacing": 1,
                    "marginHorizontal": 16,
                    "marginVertical": 9,
                    "textAlign": "center",
                  },
                  Object {
                    "marginHorizontal": 8,
                  },
                  Object {
                    "color": "#03dac4",
                    "fontFamily": "HelveticaNeue-Medium",
                  },
                  Object {
                    "fontFamily": "HelveticaNeue-Medium",
                  },
                ],
              ]
            }
            theme={
              Object {
                "colors": Object {
                  "accent": "#03dac4",
                  "backdrop": "rgba(0, 0, 0, 0.5)",
                  "background": "#f6f6f6",
                  "disabled": "rgba(0, 0, 0, 0.26)",
                  "error": "#B00020",
                  "placeholder": "rgba(0, 0, 0, 0.54)",
                  "primary": "#6200ee",
                  "surface": "#ffffff",
                  "text": "#000000",
                },
                "dark": false,
                "fonts": Object {
                  "light": "HelveticaNeue-Light",
                  "medium": "HelveticaNeue-Medium",
                  "regular": "Helvetica Neue",
                  "thin": "HelveticaNeue-Thin",
                },
                "roundness": 4,
              }
            }
          >
            TAB N°1
          </Text>
        </View>
      </View>
    </View>
    <View
      style={
        Object {
          "backgroundColor": "transparent",
          "borderColor": "transparent",
          "borderRadius": 4,
          "borderStyle": "solid",
          "borderWidth": 0,
          "elevation": 0,
          "minWidth": "auto",
          "shadowColor": "#000000",
          "shadowOffset": Object {
            "height": NaN,
            "width": 0,
          },
          "shadowOpacity": 0.24,
          "shadowRadius": 0,
        }
      }
    >
      <View
        accessibilityRole="button"
        accessible={true}
        isTVSelectable={true}
        onResponderGrant={[Function]}
        onResponderMove={[Function]}
        onResponderRelease={[Function]}
        onResponderTerminate={[Function]}
        onResponderTerminationRequest={[Function]}
        onStartShouldSetResponder={[Function]}
        style={
          Object {
            "borderRadius": 4,
          }
        }
      >
        <View
          style={
            Object {
              "alignItems": "center",
              "flexDirection": "row",
              "justifyContent": "center",
            }
          }
        >
          <Text
            numberOfLines={1}
            style={
              Array [
                Object {
                  "color": "#000000",
                  "fontFamily": "Helvetica Neue",
                  "textAlign": "left",
                  "writingDirection": "ltr",
                },
                Array [
                  Object {
                    "letterSpacing": 1,
                    "marginHorizontal": 16,
                    "marginVertical": 9,
                    "textAlign": "center",
                  },
                  Object {
                    "marginHorizontal": 8,
                  },
                  Object {
                    "color": "#ffffff",
                    "fontFamily": "HelveticaNeue-Medium",
                  },
                  Object {
                    "fontFamily": "HelveticaNeue-Medium",
                  },
                ],
              ]
            }
            theme={
              Object {
                "colors": Object {
                  "accent": "#03dac4",
                  "backdrop": "rgba(0, 0, 0, 0.5)",
                  "background": "#f6f6f6",
                  "disabled": "rgba(0, 0, 0, 0.26)",
                  "error": "#B00020",
                  "placeholder": "rgba(0, 0, 0, 0.54)",
                  "primary": "#6200ee",
                  "surface": "#ffffff",
                  "text": "#000000",
                },
                "dark": false,
                "fonts": Object {
                  "light": "HelveticaNeue-Light",
                  "medium": "HelveticaNeue-Medium",
                  "regular": "Helvetica Neue",
                  "thin": "HelveticaNeue-Thin",
                },
                "roundness": 4,
              }
            }
          >
            TAB N°2
          </Text>
        </View>
      </View>
    </View>
    <View
      style={
        Object {
          "backgroundColor": "transparent",
          "borderColor": "transparent",
          "borderRadius": 4,
          "borderStyle": "solid",
          "borderWidth": 0,
          "elevation": 0,
          "minWidth": "auto",
          "shadowColor": "#000000",
          "shadowOffset": Object {
            "height": NaN,
            "width": 0,
          },
          "shadowOpacity": 0.24,
          "shadowRadius": 0,
        }
      }
    >
      <View
        accessibilityRole="button"
        accessible={true}
        isTVSelectable={true}
        onResponderGrant={[Function]}
        onResponderMove={[Function]}
        onResponderRelease={[Function]}
        onResponderTerminate={[Function]}
        onResponderTerminationRequest={[Function]}
        onStartShouldSetResponder={[Function]}
        style={
          Object {
            "borderRadius": 4,
          }
        }
      >
        <View
          style={
            Object {
              "alignItems": "center",
              "flexDirection": "row",
              "justifyContent": "center",
            }
          }
        >
          <Text
            numberOfLines={1}
            style={
              Array [
                Object {
                  "color": "#000000",
                  "fontFamily": "Helvetica Neue",
                  "textAlign": "left",
                  "writingDirection": "ltr",
                },
                Array [
                  Object {
                    "letterSpacing": 1,
                    "marginHorizontal": 16,
                    "marginVertical": 9,
                    "textAlign": "center",
                  },
                  Object {
                    "marginHorizontal": 8,
                  },
                  Object {
                    "color": "#ffffff",
                    "fontFamily": "HelveticaNeue-Medium",
                  },
                  Object {
                    "fontFamily": "HelveticaNeue-Medium",
                  },
                ],
              ]
            }
            theme={
              Object {
                "colors": Object {
                  "accent": "#03dac4",
                  "backdrop": "rgba(0, 0, 0, 0.5)",
                  "background": "#f6f6f6",
                  "disabled": "rgba(0, 0, 0, 0.26)",
                  "error": "#B00020",
                  "placeholder": "rgba(0, 0, 0, 0.54)",
                  "primary": "#6200ee",
                  "surface": "#ffffff",
                  "text": "#000000",
                },
                "dark": false,
                "fonts": Object {
                  "light": "HelveticaNeue-Light",
                  "medium": "HelveticaNeue-Medium",
                  "regular": "Helvetica Neue",
                  "thin": "HelveticaNeue-Thin",
                },
                "roundness": 4,
              }
            }
          >
            TAB N°3
          </Text>
        </View>
      </View>
    </View>
  </View>
</View>
`;
